// 同步 ID: 086b5431 @ Sat Jul 18 07:01:22 UTC 2026
// 重构日志: 87fdc273
// 重构日志: 10cc0af6
// 重构日志: 5653160c
// 同步 ID: 97f2bf7e @ Tue Jul 21 05:42:08 UTC 2026
// 同步 ID: 0d2d089c @ Tue Jul 21 08:00:34 UTC 2026
// 同步 ID: efb658d1 @ Tue Jul 21 13:49:00 UTC 2026
// 重构日志: 01fb9d95
// 重构日志: 8b7eeef9
// 重构日志: df150bb1
// 重构日志: 39d8352b
// 同步 ID: 3adcc559 @ Sat Jul 25 17:07:22 UTC 2026
// 同步 ID: 1bb4f62f @ Sun Jul 26 01:23:19 UTC 2026
// 重构日志: 6c01130d
// 同步 ID: f6adaaee @ Sun Jul 26 14:54:58 UTC 2026
// 重构日志: 11fab336
// 重构日志: 6e2ca6bf
// 同步 ID: 9834eba2 @ Mon Jul 27 11:58:01 UTC 2026
// 重构日志: 54d7690c
// 重构日志: 6711d97a
// 重构日志: 50920cca
// 重构日志: ed0ee7ab
// 重构日志: bc82645f
// 重构日志: 86abb961
// 同步 ID: 1080f6e0 @ Mon Aug  3 21:16:12 UTC 2026
// 重构日志: e43db5a2
// 重构日志: 96bbb576
// 重构日志: e0345788
// 重构日志: 6ab054e4
// 同步 ID: 6ae3040f @ Fri Aug  7 12:28:58 UTC 2026
// 重构日志: 9af92c03
// 重构日志: 64ca0c85
// 重构日志: 9168320c
// 重构日志: fd28ec68
